<!doctype html>
<html lang="en">
<head>
    <meta charset="UTF-8">
    <meta name="viewport"
          content="width=device-width, user-scalable=no, initial-scale=1.0, maximum-scale=1.0, minimum-scale=1.0">
    <meta http-equiv="X-UA-Compatible" content="ie=edge">
    <title>Document</title>
    <link rel="stylesheet" href="fonts/flaticon/flaticon.css">
    <link rel="stylesheet" href="main.css">


</head>
<body>

<div class="main-wrap">

    <div class="Header">
        <div class="container">
            <div class="row">
                <div class="col col-1 logo">
                    <a href="#"><img src="img/logo-treehouse.png"></a>
                </div>
                <div class="col col-2">
                    <a href="#" class="menu-button" id="menuButton">
                        <span class="burger-icon"></span>
                    </a>
                    <div class="header_menu" id="header_menu">
                        <ul>
                            <li><a href="">Home</a></li>
                            <li><a href="">Services</a></li>
                            <li><a href="">Portfolio</a></li>
                            <li><a href="">About</a></li>
                            <li><a href="">Contact</a></li>
                        </ul>
                    </div>
                </div>
                <div class="col col-3 col-text">
                    <div class="text1">Welcome To Our Studio!</div>
                    <div class="text2">Itâ€™s nice to Meet you</div>
                    <a class="more" href="#">Tell Me More</a>
                </div>
            </div>
        </div>
    </div>

    <div class="Services">
        <div class="container">
            <div class="row">
                <div class="col col-1">
                    <div class="title">Services</div>
                    <div class="title2">Proin iaculis purus consequat sem cure.</div>
                </div>
                <div class="col col-2 itm">
                    <div class="view"><img src="img/serv1.png"></div>
                    <div class="name">E-Commerce</div>
                    <div class="text">Proin iaculis purus consequat sem cure
                        digni ssim. Donec porttitora entum suscipit
                        aenean rhoncus posuere odio in tincidunt.
                    </div>
                </div>
                <div class="col col-2 itm">
                    <div class="view"><img src="img/serv2.png"></div>
                    <div class="name">E-Commerce</div>
                    <div class="text">Proin iaculis purus consequat sem cure
                        digni ssim. Donec porttitora entum suscipit
                        aenean rhoncus posuere odio in tincidunt.
                    </div>
                </div>
                <div class="col col-2 itm">
                    <div class="view"><img src="img/serv3.png"></div>
                    <div class="name">E-Commerce</div>
                    <div class="text">Proin iaculis purus consequat sem cure
                        digni ssim. Donec porttitora entum suscipit
                        aenean rhoncus posuere odio in tincidunt.
                    </div>
                </div>
            </div>
        </div>
    </div>

    <div class="Portfolio">
        <div class="container">
            <div class="row">
                <div class="col col-1">
                    <div class="title">Our portfolio</div>
                    <div class="title2">Proin iaculis purus consequat sem cure.</div>
                </div>
                <div class="col-2">
                    <div class="block">
                        <div class="wrap-img">
                            <img class="img" src="img/container_10.png">
                        </div>
                        <div class="text1">Ebony & Ivory</div>
                        <div class="text2">Branding</div>
                    </div>
                </div>
                <div class="col-2">
                    <div class="block">
                        <div class="wrap-img">
                            <img class="img" src="img/container_9.png">
                        </div>
                        <div class="text1">Smart Stationary</div>
                        <div class="text2">Print Design</div>
                    </div>
                </div>
                <div class="col-2">
                    <div class="block">
                        <div class="wrap-img">
                            <img class="img" src="img/container_8.png">
                        </div>
                        <div class="text1">Clever Poster</div>
                        <div class="text2">Print Design</div>
                    </div>
                </div>
                <div class="col-2">
                    <div class="block">
                        <div class="wrap-img">
                            <img class="img" src="img/container_7.png">
                        </div>
                        <div class="text1">Vinyl Record</div>
                        <div class="text2">Product Mock-Up</div>
                    </div>
                </div>
                <div class="col-2">
                    <div class="block">
                        <div class="wrap-img">
                            <img class="img" src="img/container_6.png">
                        </div>
                        <div class="text1">Treehouse Template</div>
                        <div class="text2">Web Design</div>
                    </div>
                </div>
                <div class="col-2">
                    <div class="block">
                        <div class="wrap-img">
                            <img class="img" src="img/container_5.png">
                        </div>
                        <div class="text1">Burned Logo</div>
                        <div class="text2">Branding</div>
                    </div>
                </div>
            </div>
        </div>
    </div>

    <div class="About_us">
        <div class="container">
            <div class="row">
                <div class="col">
                    <div class="title">About Us</div>
                    <div class="title2">Proin iaculis purus consequat sem cure.</div>
                    <div class="desctop">
                        <div class="block block-left">
                            <div class="cont left">
                                <div class="text1">July 2010
                                    Our Humble Beginnings
                                </div>
                                <div class="text2">Proin iaculis purus consequat sem cure
                                    digni ssim. Donec porttitora entum suscipit
                                    aenean rhoncus posuere odio in tincidunt. Proin
                                    iaculis purus consequat sem cure digni
                                    ssim. Donec porttitora entum suscipit.
                                </div>
                            </div>
                            <div class="wrap-img"><img class="img" src="img/container-1.png"></div>
                        </div>
                        <div class="block block-right">
                            <div class="wrap-img"><img class="img" src="img/container-2.png"></div>
                            <div class="cont right">
                                <div class="text1">January 2011
                                    Facing Startup Battles
                                </div>
                                <div class="text2">Proin iaculis purus consequat sem cure
                                    digni ssim. Donec porttitora entum suscipit
                                    aenean rhoncus posuere odio in tincidunt. Proin
                                    iaculis purus consequat sem cure digni
                                    ssim. Donec porttitora entum suscipit aenean
                                    rhoncus posuere odio in tincidunt.
                                </div>
                            </div>
                        </div>
                        <div class="block block-left">
                            <div class="cont left">
                                <div class="text1">December 2012
                                    Enter The Dark Days
                                </div>
                                <div class="text2">Proin iaculis purus consequat sem cure
                                    digni ssim. Donec porttitora entum suscipit
                                    aenean rhoncus posuere odio in tincidunt. Proin
                                    iaculis purus consequat sem cure digni.
                                </div>
                            </div>
                            <div class="wrap-img"><img class="img" src="img/container-3.png"></div>
                        </div>
                        <div class="block block-right">
                            <div class="wrap-img"><img class="img" src="img/container-4.png"></div>
                            <div class="cont right">
                                <div class="text1">february 2014
                                    Our Triumph
                                </div>
                                <div class="text2">Proin iaculis purus consequat sem cure
                                    digni ssim. Donec porttitora entum suscipit
                                    aenean rhoncus posuere odio in tincidunt. Proin
                                    iaculis purus consequat sem cure digni
                                    ssim. Donec porttitora entum suscipit aenean.
                                </div>
                            </div>
                        </div>
                        <div class="block block-right">
                            <div class="wrap-img wrap-bottom">
                                <div class="wrap-bottom-text">
                                    Our<br>
                                    Story<br>
                                    Continues<br>
                                    ...
                                </div>
                            </div>
                        </div>
                    </div>
                    <div class="adapt">
                        <div class="block">
                            <div class="cont">
                                <div class="wrap-img"><img class="img" src="img/container-1.png"></div>
                                <div class="text1">July 2010
                                    Our Humble Beginnings
                                </div>
                                <div class="text2">Proin iaculis purus consequat sem cure
                                    digni ssim. Donec porttitora entum suscipit
                                    aenean rhoncus posuere odio in tincidunt. Proin
                                    iaculis purus consequat sem cure digni
                                    ssim. Donec porttitora entum suscipit.
                                </div>
                            </div>
                        </div>
                        <div class="block">
                            <div class="wrap-img"><img class="img" src="img/container-2.png"></div>
                            <div class="cont">
                                <div class="text1">January 2011
                                    Facing Startup Battles
                                </div>
                                <div class="text2">Proin iaculis purus consequat sem cure
                                    digni ssim. Donec porttitora entum suscipit
                                    aenean rhoncus posuere odio in tincidunt. Proin
                                    iaculis purus consequat sem cure digni
                                    ssim. Donec porttitora entum suscipit aenean
                                    rhoncus posuere odio in tincidunt.
                                </div>
                            </div>
                        </div>
                        <div class="block">
                            <div class="cont">
                                <div class="wrap-img"><img class="img" src="img/container-3.png"></div>
                                <div class="text1">December 2012
                                    Enter The Dark Days
                                </div>
                                <div class="text2">Proin iaculis purus consequat sem cure
                                    digni ssim. Donec porttitora entum suscipit
                                    aenean rhoncus posuere odio in tincidunt. Proin
                                    iaculis purus consequat sem cure digni.
                                </div>
                            </div>
                        </div>
                        <div class="block">
                            <div class="wrap-img"><img class="img" src="img/container-4.png"></div>
                            <div class="cont">
                                <div class="text1">february 2014
                                    Our Triumph
                                </div>
                                <div class="text2">Proin iaculis purus consequat sem cure
                                    digni ssim. Donec porttitora entum suscipit
                                    aenean rhoncus posuere odio in tincidunt. Proin
                                    iaculis purus consequat sem cure digni
                                    ssim. Donec porttitora entum suscipit aenean.
                                </div>
                            </div>
                        </div>
                        <div class="block">
                            <div class="wrap-img wrap-bottom">
                                <div class="wrap-bottom-text">
                                    Our<br>
                                    Story<br>
                                    Continues<br>
                                    ...
                                </div>
                            </div>
                        </div>
                    </div>
                </div>
            </div>
        </div>
    </div>

    <div class="Amazing">
        <div class="container">
            <div class="row">
                <div class="col col-1">
                    <div class="title">our amazing team</div>
                    <div class="title2">Proin iaculis purus consequat sem cure.</div>
                </div>
                <div class="col col-2">
                    <div class="wrap-img"></div>
                    <div class="text1">Kimberly Thompson</div>
                    <div class="text2">Marketer</div>
                    <div class="wrap-soc">
                        <div class="soc-but"><i class="flaticon-twitter-logo-silhouette"></i></div>
                        <div class="soc-but"><i class="flaticon-facebook"></i></div>
                        <div class="soc-but"><i class="flaticon-pinterest-logo"></i></div>
                    </div>
                </div>
                <div class="col col-2">
                    <div class="wrap-img"></div>
                    <div class="text1">Kimberly Thompson</div>
                    <div class="text2">Marketer</div>
                    <div class="wrap-soc">
                        <div class="soc-but"><i class="flaticon-twitter-logo-silhouette"></i></div>
                        <div class="soc-but"><i class="flaticon-facebook"></i></div>
                        <div class="soc-but"><i class="flaticon-pinterest-logo"></i></div>
                    </div>
                </div>
                <div class="col col-2">
                    <div class="wrap-img"></div>
                    <div class="text1">Kimberly Thompson</div>
                    <div class="text2">Marketer</div>
                    <div class="wrap-soc">
                        <div class="soc-but"><i class="flaticon-twitter-logo-silhouette"></i></div>
                        <div class="soc-but"><i class="flaticon-facebook"></i></div>
                        <div class="soc-but"><i class="flaticon-pinterest-logo"></i></div>
                    </div>
                </div>
                <div class="col col-1">
                    <div class="text-bottom">Proin iaculis purus consequat sem cure digni ssim donec porttitora entum
                        suscipit<br>
                        aenean rhoncus posuere odio in tincidunt proin iaculis.
                    </div>
                </div>
            </div>
        </div>
    </div>

    <div class="brend">
        <div class="container">
            <div class="row">
                <div class="col col-1">
                    <div class="brend-itm"><img src="img/microlancer_copy.png"></div>
                </div>
                <div class="col col-1">
                    <div class="brend-itm"><img src="img/envato.png"></div>
                </div>
                <div class="col col-1">
                    <div class="brend-itm"><img src="img/tuts.png"></div>
                </div>
                <div class="col col-1">
                    <div class="brend-itm"><img src="img/wordpress.png"></div>
                </div>
            </div>
        </div>
    </div>

    <div class="Contact">
        <div class="container">
            <div class="row">
                <div class="col col-1">
                    <div class="title">Contact us</div>
                    <div class="title2">Proin iaculis purus consequat sem cure.</div>
                </div>
                <form>
                    <div class="col col-2">
                        <input type="name" placeholder="your Name *"><br>
                        <input type="email" placeholder="your e-mail *"><br>
                        <input type="text" placeholder="subject"><br>
                    </div>
                    <div class="col col-2">
                        <textarea placeholder="Your message *"></textarea>
                    </div>
                    <div class="col col-1 center">
                        <input type="submit" value="Send Message">
                    </div>
                </form>
            </div>
        </div>
    </div>

    <div class="Footer">
        <div class="container">
            <div class="row">
                <div class="col col-1">
                    <p class="copy">Â© Copyright 2014 FreebiesXpress.com</p>
                </div>
                <div class="col col-1">
                    <div class="wrap-soc">
                        <div class="soc-but"><i class="flaticon-twitter-logo-silhouette"></i></div>
                        <div class="soc-but"><i class="flaticon-facebook"></i></div>
                        <div class="soc-but"><i class="flaticon-pinterest-logo"></i></div>
                    </div>
                </div>
                <div class="col col-1">

                </div>
            </div>
        </div>
    </div>

</div>

<script src="libs/jquery.min.js"></script>
<script src="js/script.js"></script>

</body>
</html>